org/apache/giraph/TestManualCheckpoint.class
org/apache/giraph/TestCheckpointing$CheckpointVertexWorkerContext.class
org/apache/giraph/examples/SimpleTriangleClosingComputationTest.class
org/apache/giraph/TestCheckpointing$1.class
org/apache/giraph/vertex/TestComputationTypes$GeneratedComputationMismatch.class
org/apache/giraph/TestMaxSuperstep$InfiniteLoopComputation.class
org/apache/giraph/examples/RandomWalkTestUtils.class
org/apache/giraph/aggregators/TestAggregatorsHandling.class
org/apache/giraph/TestOutOfCore$TestMemoryEstimator.class
org/apache/giraph/TestCheckpointing$CheckpointVertexMasterCompute.class
org/apache/giraph/vertex/TestComputationTypes$DerivedComputationMatch.class
org/apache/giraph/examples/ConnectedComponentsComputationTest.class
org/apache/giraph/TestComputationState.class
org/apache/giraph/TestOutOfCore.class
org/apache/giraph/examples/BrachaTouegDeadlockComputationTest.class
org/apache/giraph/examples/MinimumIntCombinerTest.class
org/apache/giraph/vertex/TestComputationTypes$GeneratedVertexMismatchMessageCombiner.class
org/apache/giraph/examples/block_app/TestMigrationBspBasic.class
org/apache/giraph/TestAutoCheckpoint.class
org/apache/giraph/TestBspBasic.class
org/apache/giraph/examples/ConnectedComponentsComputationTestInMemory.class
org/apache/giraph/examples/MaxComputationTest.class
org/apache/giraph/examples/SimpleShortestPathsComputationTest.class
org/apache/giraph/examples/scc/SccComputationTestInMemory.class
org/apache/giraph/TestCheckpointing$3.class
org/apache/giraph/vertex/TestComputationTypes.class
org/apache/giraph/examples/PageRankComputationTest.class
org/apache/giraph/vertex/TestComputationTypes$GeneratedComputationMatch.class
org/apache/giraph/examples/TestPageRank.class
org/apache/giraph/TestMutateGraph$TestVertexResolver.class
org/apache/giraph/examples/TryMultiIpcBindingPortsTest.class
org/apache/giraph/examples/RandomWalkWithRestartComputationTest.class
org/apache/giraph/TestCheckpointing$CheckpointComputation.class
org/apache/giraph/TestNotEnoughMapTasks.class
org/apache/giraph/vertex/TestComputationTypes$GeneratedVertexMismatchValueFactory.class
org/apache/giraph/TestCheckpointing$SuperstepCallback.class
org/apache/giraph/TestCheckpointing.class
org/apache/giraph/vertex/TestComputationTypes$1.class
org/apache/giraph/TestCheckpointing$2.class
org/apache/giraph/TestGraphPartitioner.class
org/apache/giraph/vertex/TestComputationTypes$GeneratedVertexMatchMessageCombiner.class
org/apache/giraph/TestBspBasic$NullComputation.class
org/apache/giraph/TestMaxSuperstep.class
org/apache/giraph/TestMutateGraph.class
