org/apache/giraph/examples/VerifyMessage$VerifiableMessage.class
org/apache/giraph/examples/LongDoubleNullTextInputFormat$LongDoubleNullDoubleVertexReader.class
org/apache/giraph/examples/PageRankComputation.class
org/apache/giraph/examples/AggregatorsTestComputation$SimpleVertexReader.class
org/apache/giraph/examples/block_app/SimpleMigrationMasterBlockFactory.class
org/apache/giraph/examples/SimplePageRankComputation$SimplePageRankVertexReader.class
org/apache/giraph/examples/SimpleSuperstepComputation.class
org/apache/giraph/examples/utils/BrachaTouegDeadlockMessage.class
org/apache/giraph/examples/SimpleCheckpoint$SimpleCheckpointComputation.class
org/apache/giraph/examples/SimpleMutateGraphComputation$SimpleMutateGraphVertexWorkerContext.class
org/apache/giraph/examples/LongDoubleDoubleTextInputFormat.class
org/apache/giraph/examples/SimplePageRankComputation$SimplePageRankVertexOutputFormat.class
org/apache/giraph/examples/AggregatorsTestComputation$AggregatorsTestMasterCompute.class
org/apache/giraph/examples/VerifyMessage.class
org/apache/giraph/examples/SimpleMasterComputeComputation.class
org/apache/giraph/examples/SimpleMasterComputeComputation$SimpleMasterComputeWorkerContext.class
org/apache/giraph/examples/VerifyMessage$VerifyMessageComputation$VerifyMessageVertexWorkerContext.class
org/apache/giraph/examples/SimpleCombinerComputation.class
org/apache/giraph/examples/IdentityComputation.class
org/apache/giraph/examples/scc/SccLongLongNullTextInputFormat.class
org/apache/giraph/examples/SimplePageRankComputation$SimplePageRankVertexOutputFormat$SimplePageRankVertexWriter.class
org/apache/giraph/examples/SimpleSuperstepComputation$SimpleSuperstepVertexOutputFormat$SimpleSuperstepVertexWriter.class
org/apache/giraph/examples/SimplePageRankComputation$SimplePageRankMasterCompute.class
org/apache/giraph/examples/SimpleSuperstepComputation$SimpleSuperstepVertexInputFormat.class
org/apache/giraph/examples/SimpleCheckpoint$SimpleCheckpointVertexWorkerContext.class
org/apache/giraph/examples/SimpleMutateGraphComputation.class
org/apache/giraph/examples/scc/SccLongLongNullTextInputFormat$LongLongNullVertexReader.class
org/apache/giraph/examples/SimpleShortestPathsComputation.class
org/apache/giraph/examples/SimplePageRankComputation.class
org/apache/giraph/examples/io/formats/BrachaTouegDeadlockInputFormat$JsonLongLongLongLongVertexReader.class
org/apache/giraph/examples/SimpleVertexWithWorkerContext.class
org/apache/giraph/examples/ConnectedComponentsComputation.class
org/apache/giraph/examples/LongDoubleNullTextInputFormat.class
org/apache/giraph/examples/SimplePageRankComputation$SimplePageRankWorkerContext.class
org/apache/giraph/examples/VertexWithDoubleValueNullEdgeTextOutputFormat.class
org/apache/giraph/examples/VertexWithDoubleValueDoubleEdgeTextOutputFormat$VertexWithDoubleValueWriter.class
org/apache/giraph/examples/LongDoubleDoubleTextInputFormat$LongDoubleDoubleDoubleVertexReader.class
org/apache/giraph/examples/SimpleCheckpoint$SimpleCheckpointVertexMasterCompute.class
org/apache/giraph/examples/RandomWalkWithRestartComputation.class
org/apache/giraph/examples/SimpleCheckpoint.class
org/apache/giraph/examples/scc/SccComputation$1.class
org/apache/giraph/examples/AggregatorsTestComputation$SimpleEdgeInputFormat.class
org/apache/giraph/examples/GeneratedEdgeReader.class
org/apache/giraph/examples/SimplePageRankComputation$SimplePageRankVertexInputFormat.class
org/apache/giraph/examples/VerifyMessage$VerifyMessageComputation.class
org/apache/giraph/examples/SimpleTriangleClosingComputation.class
org/apache/giraph/examples/SimpleTextVertexOutputFormat$SimpleTextVertexWriter.class
org/apache/giraph/examples/scc/SccPhaseMasterCompute$Phases.class
org/apache/giraph/examples/SimpleFailComputation.class
org/apache/giraph/examples/SimpleTriangleClosingComputation$Pair.class
org/apache/giraph/examples/SimpleMsgComputation.class
org/apache/giraph/examples/LongDoubleFloatTextInputFormat$LongDoubleFloatVertexReader.class
org/apache/giraph/examples/io/formats/BrachaTouegDeadlockInputFormat.class
org/apache/giraph/examples/VerifyMessage$VerifyMessageMasterCompute.class
org/apache/giraph/examples/AggregatorsTestComputation$SimpleEdgeReader.class
org/apache/giraph/examples/SimpleSuperstepComputation$SimpleSuperstepVertexOutputFormat.class
org/apache/giraph/examples/Algorithm.class
org/apache/giraph/examples/SimpleTextVertexOutputFormat$1.class
org/apache/giraph/examples/GeneratedVertexReader.class
org/apache/giraph/examples/utils/BrachaTouegDeadlockVertexValue.class
org/apache/giraph/examples/RandomWalkVertexMasterCompute.class
org/apache/giraph/examples/block_app/SimpleMigrationMasterBlockFactory$SimpleMigrationMasterCompute.class
org/apache/giraph/examples/SimpleVertexWithWorkerContext$SimpleComputation.class
org/apache/giraph/examples/MaxComputation.class
org/apache/giraph/examples/block_app/SimpleMigrationMasterBlockFactory$SimpleMigrationMasterWorkerContext.class
org/apache/giraph/examples/AggregatorsTestComputation$SimpleVertexInputFormat.class
org/apache/giraph/examples/VertexWithDoubleValueDoubleEdgeTextOutputFormat.class
org/apache/giraph/examples/SimpleLongDoubleDoubleDoubleIdentityComputation.class
org/apache/giraph/examples/SimpleAggregatorWriter.class
org/apache/giraph/examples/BrachaTouegDeadlockComputation.class
org/apache/giraph/examples/SimpleOutDegreeCountComputation.class
org/apache/giraph/examples/scc/SccVertexValue.class
org/apache/giraph/examples/scc/SccPhaseMasterCompute.class
org/apache/giraph/examples/RandomWalkWorkerContext.class
org/apache/giraph/examples/SimpleSuperstepComputation$SimpleSuperstepVertexReader.class
org/apache/giraph/examples/NormalizingLongDoubleDoubleTextInputFormat.class
org/apache/giraph/examples/TestComputationStateComputation$TestComputationStateWorkerContext.class
org/apache/giraph/examples/VertexWithDoubleValueNullEdgeTextOutputFormat$VertexWithDoubleValueWriter.class
org/apache/giraph/examples/RandomWalkComputation.class
org/apache/giraph/examples/scc/SccComputation.class
org/apache/giraph/examples/SimpleInDegreeCountComputation.class
org/apache/giraph/examples/scc/SccPhaseMasterCompute$1.class
org/apache/giraph/examples/SimpleMasterComputeComputation$SimpleMasterCompute.class
org/apache/giraph/examples/block_app/SimpleMigrationMasterBlockFactory$SimpleMigrationMasterComputation.class
org/apache/giraph/examples/SimpleTextVertexOutputFormat.class
org/apache/giraph/examples/SimpleTriangleClosingComputation$IntArrayListWritable.class
org/apache/giraph/examples/LongDoubleFloatTextInputFormat.class
org/apache/giraph/examples/AggregatorsTestComputation.class
org/apache/giraph/examples/TestComputationStateComputation.class
org/apache/giraph/examples/SimpleVertexWithWorkerContext$EmitterWorkerContext.class
org/apache/giraph/examples/NormalizingLongDoubleDoubleTextInputFormat$NormalizingLongDoubleDoubleDoubleVertexReader.class
